I'm sorry, but errors were detected in your script. Please correct the
errors listed below, and try again.


File "game/script.rpy", line 83: end of line expected.
    jump juegoDragon1:
                     ^

Ren'Py Version: Ren'Py 8.1.3.23091805
Thu Oct 26 00:37:14 2023
